============================= test session starts =============================
platform win32 -- Python 3.12.7, pytest-7.4.4, pluggy-1.0.0
rootdir: C:\Users\mikir\OneDrive\デスクトップ\Mypython\rabbit-bot
plugins: anyio-4.11.0
collected 3 items

tests\test_game_logic.py ...                                             [100%]

============================= 3 passed in 16.47s ==============================
